ERC report (2026-05-16T11:38:37, Encoding UTF8)
Report includes: Errors, Warnings

***** Sheet /
[pin_not_driven]: Input pin not driven by any Output pins
    ; error
    @(147.97 mm, 127.13 mm): Symbol MH1 Pin 1 [1, Input, Line]
[pin_not_driven]: Input pin not driven by any Output pins
    ; error
    @(188.02 mm, 147.22 mm): Symbol MH4 Pin 1 [1, Input, Line]
[pin_not_driven]: Input pin not driven by any Output pins
    ; error
    @(188.02 mm, 187.39 mm): Symbol MH3 Pin 1 [1, Input, Line]
[pin_not_driven]: Input pin not driven by any Output pins
    ; error
    @(174.67 mm, 227.56 mm): Symbol MH2 Pin 1 [1, Input, Line]
[endpoint_off_grid]: Symbol pin or wire end off connection grid
    ; warning
    @(129.54 mm, 53.09 mm): Symbol Q1 Pin 1 [B, Input, Line]
[lib_symbol_mismatch]: Symbol 'BC858' doesn't match copy in library 'Transistor_BJT'
    ; warning
    @(134.62 mm, 53.09 mm): Symbol Q1 [BC858]
[endpoint_off_grid]: Symbol pin or wire end off connection grid
    ; warning
    @(141.60 mm, 107.19 mm): Symbol R4 Pin 1 [Passive, Line]
[endpoint_off_grid]: Symbol pin or wire end off connection grid
    ; warning
    @(155.56 mm, 88.90 mm): Symbol R7 Pin 1 [Passive, Line]
[lib_symbol_mismatch]: Symbol 'R' doesn't match copy in library 'Device'
    ; warning
    @(141.60 mm, 111.00 mm): Symbol R4 [R]
[lib_symbol_mismatch]: Symbol 'R' doesn't match copy in library 'Device'
    ; warning
    @(155.56 mm, 92.71 mm): Symbol R7 [R]
[endpoint_off_grid]: Symbol pin or wire end off connection grid
    ; warning
    @(155.56 mm, 96.52 mm): Pin 1 [???, ?]
[pin_to_pin]: Pins of type Unspecified and Passive are connected
    ; warning
    @(155.56 mm, 96.52 mm): Pin 1 [???, ?]
    @(155.56 mm, 96.52 mm): Symbol R7 Pin 2 [Passive, Line]
[lib_symbol_mismatch]: Symbol 'MountingHole_Pad' doesn't match copy in library 'Mechanical'
    ; warning
    @(147.97 mm, 124.59 mm): Symbol MH1 [MountingHole_Pad]
[endpoint_off_grid]: Symbol pin or wire end off connection grid
    ; warning
    @(147.97 mm, 127.13 mm): Symbol MH1 Pin 1 [1, Input, Line]
[endpoint_off_grid]: Symbol pin or wire end off connection grid
    ; warning
    @(147.97 mm, 127.13 mm): Pin 1 [???, ?]
[pin_to_pin]: Pins of type Unspecified and Input are connected
    ; warning
    @(147.97 mm, 127.13 mm): Pin 1 [???, ?]
    @(147.97 mm, 127.13 mm): Symbol MH1 Pin 1 [1, Input, Line]
[endpoint_off_grid]: Symbol pin or wire end off connection grid
    ; warning
    @(141.60 mm, 136.14 mm): Symbol R1 Pin 1 [Passive, Line]
[lib_symbol_mismatch]: Symbol 'R' doesn't match copy in library 'Device'
    ; warning
    @(141.60 mm, 139.95 mm): Symbol R1 [R]
[endpoint_off_grid]: Symbol pin or wire end off connection grid
    ; warning
    @(148.58 mm, 136.14 mm): Symbol R5 Pin 1 [Passive, Line]
[lib_symbol_mismatch]: Symbol 'R' doesn't match copy in library 'Device'
    ; warning
    @(148.58 mm, 139.95 mm): Symbol R5 [R]
[endpoint_off_grid]: Symbol pin or wire end off connection grid
    ; warning
    @(148.58 mm, 143.76 mm): Pin 1 [???, ?]
[pin_to_pin]: Pins of type Unspecified and Passive are connected
    ; warning
    @(148.58 mm, 143.76 mm): Pin 1 [???, ?]
    @(148.58 mm, 143.76 mm): Symbol R5 Pin 2 [Passive, Line]
[endpoint_off_grid]: Symbol pin or wire end off connection grid
    ; warning
    @(155.56 mm, 145.29 mm): Symbol R6 Pin 1 [Passive, Line]
[lib_symbol_mismatch]: Symbol 'R' doesn't match copy in library 'Device'
    ; warning
    @(155.56 mm, 149.10 mm): Symbol R6 [R]
[endpoint_off_grid]: Symbol pin or wire end off connection grid
    ; warning
    @(155.56 mm, 152.91 mm): Pin 1 [???, ?]
[pin_to_pin]: Pins of type Unspecified and Passive are connected
    ; warning
    @(155.56 mm, 152.91 mm): Pin 1 [???, ?]
    @(155.56 mm, 152.91 mm): Symbol R6 Pin 2 [Passive, Line]
[endpoint_off_grid]: Symbol pin or wire end off connection grid
    ; warning
    @(141.60 mm, 183.39 mm): Symbol R3 Pin 1 [Passive, Line]
[lib_symbol_mismatch]: Symbol 'Conn_01x03_Pin' doesn't match copy in library 'Connector'
    ; warning
    @(162.11 mm, 166.17 mm): Symbol J4 [Conn_01x03_Pin]
[endpoint_off_grid]: Symbol pin or wire end off connection grid
    ; warning
    @(167.19 mm, 163.63 mm): Symbol J4 Pin 1 [Pin_1, Passive, Line]
[lib_symbol_mismatch]: Symbol 'R' doesn't match copy in library 'Device'
    ; warning
    @(141.60 mm, 187.20 mm): Symbol R3 [R]
[endpoint_off_grid]: Symbol pin or wire end off connection grid
    ; warning
    @(130.81 mm, 196.65 mm): Symbol D7 Pin 1 [K, Passive, Line]
[lib_symbol_mismatch]: Symbol 'MountingHole_Pad' doesn't match copy in library 'Mechanical'
    ; warning
    @(188.02 mm, 144.68 mm): Symbol MH4 [MountingHole_Pad]
[endpoint_off_grid]: Symbol pin or wire end off connection grid
    ; warning
    @(167.19 mm, 168.71 mm): Pin 1 [???, ?]
[pin_to_pin]: Pins of type Unspecified and Passive are connected
    ; warning
    @(167.19 mm, 168.71 mm): Pin 1 [???, ?]
    @(167.19 mm, 168.71 mm): Symbol J4 Pin 3 [Pin_3, Passive, Line]
[lib_symbol_mismatch]: Symbol 'D_Zener' doesn't match copy in library 'Device'
    ; warning
    @(134.62 mm, 196.65 mm): Symbol D7 [D_Zener]
[endpoint_off_grid]: Symbol pin or wire end off connection grid
    ; warning
    @(188.02 mm, 147.22 mm): Symbol MH4 Pin 1 [1, Input, Line]
[endpoint_off_grid]: Symbol pin or wire end off connection grid
    ; warning
    @(188.02 mm, 147.22 mm): Pin 1 [???, ?]
[pin_to_pin]: Pins of type Unspecified and Input are connected
    ; warning
    @(188.02 mm, 147.22 mm): Pin 1 [???, ?]
    @(188.02 mm, 147.22 mm): Symbol MH4 Pin 1 [1, Input, Line]
[endpoint_off_grid]: Symbol pin or wire end off connection grid
    ; warning
    @(130.81 mm, 206.34 mm): Symbol D1 Pin 1 [K, Passive, Line]
[endpoint_off_grid]: Symbol pin or wire end off connection grid
    ; warning
    @(141.60 mm, 200.15 mm): Symbol R8 Pin 1 [Passive, Line]
[lib_symbol_mismatch]: Symbol 'D' doesn't match copy in library 'Device'
    ; warning
    @(134.62 mm, 206.34 mm): Symbol D1 [D]
[lib_symbol_mismatch]: Symbol 'R' doesn't match copy in library 'Device'
    ; warning
    @(141.60 mm, 203.96 mm): Symbol R8 [R]
[endpoint_off_grid]: Symbol pin or wire end off connection grid
    ; warning
    @(130.81 mm, 216.03 mm): Pin 1 [???, ?]
[endpoint_off_grid]: Symbol pin or wire end off connection grid
    ; warning
    @(130.81 mm, 216.03 mm): Symbol LED1 Pin 1 [K, Passive, Line]
[pin_to_pin]: Pins of type Unspecified and Passive are connected
    ; warning
    @(130.81 mm, 216.03 mm): Pin 1 [???, ?]
    @(130.81 mm, 216.03 mm): Symbol LED1 Pin 1 [K, Passive, Line]
[lib_symbol_mismatch]: Symbol 'LED' doesn't match copy in library 'Device'
    ; warning
    @(134.62 mm, 216.03 mm): Symbol LED1 [LED]
[lib_symbol_mismatch]: Symbol 'Conn_01x02_Pin' doesn't match copy in library 'Connector'
    ; warning
    @(180.46 mm, 181.41 mm): Symbol J2 [Conn_01x02_Pin]
[endpoint_off_grid]: Symbol pin or wire end off connection grid
    ; warning
    @(127.00 mm, 223.12 mm): Symbol SW1 Pin A [A, Passive, Line]
[endpoint_off_grid]: Symbol pin or wire end off connection grid
    ; warning
    @(127.00 mm, 225.66 mm): Pin 1 [???, ?]
[pin_to_pin]: Pins of type Unspecified and Passive are connected
    ; warning
    @(127.00 mm, 225.66 mm): Pin 1 [???, ?]
    @(127.00 mm, 225.66 mm): Symbol SW1 Pin C [C, Passive, Line]
[endpoint_off_grid]: Symbol pin or wire end off connection grid
    ; warning
    @(185.54 mm, 181.41 mm): Symbol J2 Pin 1 [Pin_1, Passive, Line]
[endpoint_off_grid]: Symbol pin or wire end off connection grid
    ; warning
    @(129.54 mm, 226.94 mm): Symbol SB1 Pin 1 [A, Passive, Line]
[lib_symbol_mismatch]: Symbol 'RotaryEncoder_Switch' doesn't match copy in library 'Device'
    ; warning
    @(134.62 mm, 225.66 mm): Symbol SW1 [RotaryEncoder_Switch]
[lib_symbol_mismatch]: Symbol 'MountingHole_Pad' doesn't match copy in library 'Mechanical'
    ; warning
    @(188.02 mm, 184.85 mm): Symbol MH3 [MountingHole_Pad]
[lib_symbol_mismatch]: Symbol 'SolderJumper_2_Open' doesn't match copy in library 'Jumper'
    ; warning
    @(134.62 mm, 226.94 mm): Symbol SB1 [SolderJumper_2_Open]
[endpoint_off_grid]: Symbol pin or wire end off connection grid
    ; warning
    @(188.02 mm, 187.39 mm): Pin 1 [???, ?]
[endpoint_off_grid]: Symbol pin or wire end off connection grid
    ; warning
    @(188.02 mm, 187.39 mm): Symbol MH3 Pin 1 [1, Input, Line]
[pin_to_pin]: Pins of type Unspecified and Input are connected
    ; warning
    @(188.02 mm, 187.39 mm): Pin 1 [???, ?]
    @(188.02 mm, 187.39 mm): Symbol MH3 Pin 1 [1, Input, Line]
[endpoint_off_grid]: Symbol pin or wire end off connection grid
    ; warning
    @(188.72 mm, 186.95 mm): Symbol D5 Pin 1 [K, Passive, Line]
[lib_symbol_mismatch]: Symbol 'D_Zener' doesn't match copy in library 'Device'
    ; warning
    @(192.53 mm, 186.95 mm): Symbol D5 [D_Zener]
[endpoint_off_grid]: Symbol pin or wire end off connection grid
    ; warning
    @(142.24 mm, 228.20 mm): Pin 1 [???, ?]
[pin_to_pin]: Pins of type Unspecified and Passive are connected
    ; warning
    @(142.24 mm, 228.20 mm): Pin 1 [???, ?]
    @(142.24 mm, 228.20 mm): Symbol SW1 Pin S2 [S2, Passive, Line]
[pin_to_pin]: Pins of type Unspecified and Passive are connected
    ; warning
    @(129.54 mm, 240.03 mm): Pin 1 [???, ?]
    @(129.54 mm, 240.03 mm): Symbol J1 Pin 1 [Pin_1, Passive, Line]
[pin_to_pin]: Pins of type Unspecified and Passive are connected
    ; warning
    @(142.24 mm, 240.03 mm): Pin 1 [???, ?]
    @(142.24 mm, 240.03 mm): Symbol J1 Pin 2 [Pin_2, Passive, Line]
[footprint_link_issues]: The current configuration does not include the footprint library 'IDC'
    ; warning
    @(134.62 mm, 245.11 mm): Symbol J1 [Conn_02x05_Odd_Even]
[lib_symbol_mismatch]: Symbol 'Conn_02x05_Odd_Even' doesn't match copy in library 'Connector_Generic'
    ; warning
    @(134.62 mm, 245.11 mm): Symbol J1 [Conn_02x05_Odd_Even]
[endpoint_off_grid]: Symbol pin or wire end off connection grid
    ; warning
    @(141.60 mm, 241.30 mm): Symbol R2 Pin 1 [Passive, Line]
[lib_symbol_mismatch]: Symbol 'R' doesn't match copy in library 'Device'
    ; warning
    @(141.60 mm, 245.11 mm): Symbol R2 [R]
[lib_symbol_mismatch]: Symbol 'MountingHole_Pad' doesn't match copy in library 'Mechanical'
    ; warning
    @(174.67 mm, 225.02 mm): Symbol MH2 [MountingHole_Pad]
[endpoint_off_grid]: Symbol pin or wire end off connection grid
    ; warning
    @(174.67 mm, 227.56 mm): Symbol MH2 Pin 1 [1, Input, Line]
[endpoint_off_grid]: Symbol pin or wire end off connection grid
    ; warning
    @(174.67 mm, 227.56 mm): Pin 1 [???, ?]
[pin_to_pin]: Pins of type Unspecified and Input are connected
    ; warning
    @(174.67 mm, 227.56 mm): Pin 1 [???, ?]
    @(174.67 mm, 227.56 mm): Symbol MH2 Pin 1 [1, Input, Line]
[endpoint_off_grid]: Symbol pin or wire end off connection grid
    ; warning
    @(217.93 mm, 208.78 mm): Symbol SB3 Pin 1 [A, Passive, Line]
[lib_symbol_mismatch]: Symbol 'SolderJumper_2_Bridged' doesn't match copy in library 'Jumper'
    ; warning
    @(223.01 mm, 208.78 mm): Symbol SB3 [SolderJumper_2_Bridged]
[endpoint_off_grid]: Symbol pin or wire end off connection grid
    ; warning
    @(188.72 mm, 245.11 mm): Symbol D3 Pin 1 [K, Passive, Line]
[endpoint_off_grid]: Symbol pin or wire end off connection grid
    ; warning
    @(231.39 mm, 206.34 mm): Symbol D6 Pin 1 [K, Passive, Line]
[endpoint_off_grid]: Symbol pin or wire end off connection grid
    ; warning
    @(211.84 mm, 226.94 mm): Symbol SB2 Pin 1 [A, Passive, Line]
[lib_symbol_mismatch]: Symbol 'D' doesn't match copy in library 'Device'
    ; warning
    @(192.53 mm, 245.11 mm): Symbol D3 [D]
[lib_symbol_mismatch]: Symbol 'D_Zener' doesn't match copy in library 'Device'
    ; warning
    @(235.20 mm, 206.34 mm): Symbol D6 [D_Zener]
[endpoint_off_grid]: Symbol pin or wire end off connection grid
    ; warning
    @(217.68 mm, 225.72 mm): Symbol D4 Pin 1 [K, Passive, Line]
[lib_symbol_mismatch]: Symbol 'SolderJumper_2_Open' doesn't match copy in library 'Jumper'
    ; warning
    @(216.92 mm, 226.94 mm): Symbol SB2 [SolderJumper_2_Open]
[lib_symbol_mismatch]: Symbol 'D' doesn't match copy in library 'Device'
    ; warning
    @(221.49 mm, 225.72 mm): Symbol D4 [D]
[endpoint_off_grid]: Symbol pin or wire end off connection grid
    ; warning
    @(221.49 mm, 228.58 mm): Symbol U2 Pin 1 [Passive, Line]
[endpoint_off_grid]: Symbol pin or wire end off connection grid
    ; warning
    @(246.63 mm, 206.34 mm): Symbol D2 Pin 1 [K, Passive, Line]
[footprint_link_issues]: The current configuration does not include the footprint library 'SSD1306'
    ; warning
    @(232.40 mm, 226.27 mm): Symbol J3 [Conn_01x04_Pin]
[lib_symbol_mismatch]: Symbol 'Conn_01x04_Pin' doesn't match copy in library 'Connector'
    ; warning
    @(232.40 mm, 226.27 mm): Symbol J3 [Conn_01x04_Pin]
[lib_symbol_mismatch]: Symbol 'D' doesn't match copy in library 'Device'
    ; warning
    @(250.44 mm, 206.34 mm): Symbol D2 [D]
[lib_symbol_mismatch]: Symbol 'PC817' doesn't match copy in library 'Isolator'
    ; warning
    @(229.11 mm, 231.12 mm): Symbol U2 [PC817]
[endpoint_off_grid]: Symbol pin or wire end off connection grid
    ; warning
    @(237.48 mm, 223.73 mm): Pin 1 [???, ?]
[endpoint_off_grid]: Symbol pin or wire end off connection grid
    ; warning
    @(237.48 mm, 223.73 mm): Symbol J3 Pin 1 [Pin_1, Passive, Line]
[pin_to_pin]: Pins of type Unspecified and Passive are connected
    ; warning
    @(237.48 mm, 223.73 mm): Pin 1 [???, ?]
    @(237.48 mm, 223.73 mm): Symbol J3 Pin 1 [Pin_1, Passive, Line]
[endpoint_off_grid]: Symbol pin or wire end off connection grid
    ; warning
    @(237.48 mm, 226.27 mm): Pin 1 [???, ?]
[pin_to_pin]: Pins of type Unspecified and Passive are connected
    ; warning
    @(237.48 mm, 226.27 mm): Pin 1 [???, ?]
    @(237.48 mm, 226.27 mm): Symbol J3 Pin 2 [Pin_2, Passive, Line]
[lib_symbol_mismatch]: Symbol 'Conn_01x04_Pin' doesn't match copy in library 'Connector'
    ; warning
    @(256.78 mm, 207.44 mm): Symbol J5 [Conn_01x04_Pin]
[endpoint_off_grid]: Symbol pin or wire end off connection grid
    ; warning
    @(261.86 mm, 204.90 mm): Symbol J5 Pin 1 [Pin_1, Passive, Line]
[endpoint_off_grid]: Symbol pin or wire end off connection grid
    ; warning
    @(261.86 mm, 204.90 mm): Pin 1 [???, ?]
[pin_to_pin]: Pins of type Unspecified and Passive are connected
    ; warning
    @(261.86 mm, 204.90 mm): Pin 1 [???, ?]
    @(261.86 mm, 204.90 mm): Symbol J5 Pin 1 [Pin_1, Passive, Line]
[endpoint_off_grid]: Symbol pin or wire end off connection grid
    ; warning
    @(236.73 mm, 233.66 mm): Pin 1 [???, ?]
[pin_to_pin]: Pins of type Unspecified and Passive are connected
    ; warning
    @(236.73 mm, 233.66 mm): Pin 1 [???, ?]
    @(236.73 mm, 233.66 mm): Symbol U2 Pin 3 [Passive, Line]
[endpoint_off_grid]: Symbol pin or wire end off connection grid
    ; warning
    @(261.86 mm, 207.44 mm): Pin 1 [???, ?]
[pin_to_pin]: Pins of type Unspecified and Passive are connected
    ; warning
    @(261.86 mm, 207.44 mm): Pin 1 [???, ?]
    @(261.86 mm, 207.44 mm): Symbol J5 Pin 2 [Pin_2, Passive, Line]
[endpoint_off_grid]: Symbol pin or wire end off connection grid
    ; warning
    @(262.13 mm, 245.11 mm): Symbol SB4 Pin 1 [A, Passive, Line]
[lib_symbol_mismatch]: Symbol 'SolderJumper_2_Bridged' doesn't match copy in library 'Jumper'
    ; warning
    @(267.21 mm, 245.11 mm): Symbol SB4 [SolderJumper_2_Bridged]
[pin_to_pin]: Pins of type Unspecified and Passive are connected
    ; warning
    @(279.40 mm, 247.65 mm): Pin 1 [???, ?]
    @(279.40 mm, 247.65 mm): Symbol U1 Pin 2 [Passive, Line]
[lib_symbol_mismatch]: Symbol 'PC817' doesn't match copy in library 'Isolator'
    ; warning
    @(287.02 mm, 245.11 mm): Symbol U1 [PC817]

 ** ERC messages: 105  Errors 4  Warnings 101

 ** Ignored checks:
    - Global label only appears once in the schematic
    - Four connection points are joined together
    - SPICE model issue
    - Assigned footprint doesn't match footprint filters
